TOK_ASSIGN
TOK_PLUS
TOK_MINUS
TOK_MUL
TOK_DIV
TOK_COMMA
TOK_LBRACKET
TOK_RBRACKET
TOK_LCURLBRACKET
TOK_RCURLBRACKET
TOK_CONCAT
TOK_LEN
TOK_INT_DIV
TOK_LES
TOK_LES_EQ
TOK_GR
TOK_GR_EQ
TOK_EQ
TOK_NEQ
TOK_COLON
TOK_LES
TOK_LES
TOK_GR
TOK_GR
TOK_ASSIGN
TOK_PLUS
TOK_LES
TOK_LES_EQ
TOK_GR
TOK_GR_EQ
TOK_EQ
TOK_NEQ
TOK_EQ
TOK_EQ
