TOK_KEYWORD : require
TOK_STRING : ifj21
TOK_KEYWORD : function
TOK_ID : main
TOK_LBRACKET
TOK_RBRACKET
TOK_KEYWORD : local
TOK_ID : a
TOK_COLON
TOK_KEYWORD : integer
TOK_KEYWORD : local
TOK_ID : vysl
TOK_COLON
TOK_KEYWORD : integer
TOK_ASSIGN
TOK_INT : 0
TOK_ID : write
TOK_LBRACKET
TOK_STRING : Zadejte cislo pro vypocet faktorialu
 
TOK_RBRACKET
TOK_ID : a
TOK_ASSIGN
TOK_ID : readi
TOK_LBRACKET
TOK_RBRACKET
TOK_KEYWORD : if
TOK_ID : a
TOK_EQ
TOK_KEYWORD : nil
TOK_KEYWORD : then
TOK_ID : write
TOK_LBRACKET
TOK_STRING : a je nil

TOK_RBRACKET
TOK_KEYWORD : return
TOK_KEYWORD : else
TOK_KEYWORD : end
TOK_KEYWORD : if
TOK_ID : a
TOK_LES
TOK_INT : 0
TOK_KEYWORD : then
TOK_ID : write
TOK_LBRACKET
TOK_STRING : Faktorial nelze spocitat

TOK_RBRACKET
TOK_KEYWORD : else
TOK_ID : vysl
TOK_ASSIGN
TOK_INT : 1
TOK_KEYWORD : while
TOK_ID : a
TOK_GR
TOK_INT : 0
TOK_KEYWORD : do
TOK_ID : vysl
TOK_ASSIGN
TOK_ID : vysl
TOK_MUL
TOK_ID : a
TOK_ID : a
TOK_ASSIGN
TOK_ID : a
TOK_MINUS
TOK_INT : 1
TOK_KEYWORD : end
TOK_ID : write
TOK_LBRACKET
TOK_STRING : Vysledek je: 

TOK_COMMA
TOK_ID : vysl
TOK_COMMA
TOK_STRING : 

TOK_RBRACKET
TOK_KEYWORD : end
TOK_KEYWORD : end
TOK_ID : main
TOK_LBRACKET
TOK_RBRACKET
