TOK_KEYWORD : global
TOK_ID : foo
TOK_COLON
TOK_KEYWORD : function
TOK_LBRACKET
TOK_KEYWORD : string
TOK_RBRACKET
TOK_COLON
TOK_KEYWORD : string
TOK_KEYWORD : function
TOK_ID : bar
TOK_LBRACKET
TOK_ID : param
TOK_COLON
TOK_KEYWORD : string
TOK_RBRACKET
TOK_COLON
TOK_KEYWORD : string
TOK_KEYWORD : return
TOK_ID : foo
TOK_LBRACKET
TOK_ID : param
TOK_RBRACKET
TOK_KEYWORD : end
TOK_KEYWORD : function
TOK_ID : foo
TOK_LBRACKET
TOK_ID : param
TOK_COLON
TOK_KEYWORD : string
TOK_RBRACKET
TOK_COLON
TOK_KEYWORD : string
TOK_KEYWORD : return
TOK_ID : bar
TOK_LBRACKET
TOK_ID : param
TOK_RBRACKET
TOK_KEYWORD : end
