TOK_KEYWORD : require
TOK_STRING : ifj21
TOK_KEYWORD : function
TOK_ID : concat
TOK_LBRACKET
TOK_ID : x
TOK_COLON
TOK_KEYWORD : string
TOK_COMMA
TOK_ID : y
TOK_COLON
TOK_KEYWORD : string
TOK_RBRACKET
TOK_COLON
TOK_KEYWORD : string
TOK_COMMA
TOK_KEYWORD : integer
TOK_KEYWORD : return
TOK_ID : x
TOK_CONCAT
TOK_ID : y
TOK_COMMA
TOK_INT : 0
TOK_KEYWORD : end
TOK_KEYWORD : function
TOK_ID : main
TOK_LBRACKET
TOK_RBRACKET
TOK_KEYWORD : local
TOK_ID : x
TOK_COLON
TOK_KEYWORD : string
TOK_KEYWORD : local
TOK_ID : ret
TOK_COLON
TOK_KEYWORD : integer
TOK_ID : x
TOK_COMMA
TOK_ID : ret
TOK_ASSIGN
TOK_ID : concat
TOK_LBRACKET
TOK_STRING : ahoj
TOK_COMMA
TOK_STRING : svete
TOK_RBRACKET
TOK_KEYWORD : end
TOK_ID : main
TOK_LBRACKET
TOK_RBRACKET
